To honour the JVM settings for this build a single-use Daemon process will be forked. For more on this, please refer to https://docs.gradle.org/8.7/userguide/gradle_daemon.html#sec:disabling_the_daemon in the Gradle documentation.
Daemon will be stopped at the end of the build 

> Configure project :app
WARNING: The option setting 'android.aapt2FromMavenOverride=/opt/android-sdk/build-tools/34.0.0/aapt2' is experimental.

> Task :app:preBuild UP-TO-DATE
> Task :app:preDebugBuild UP-TO-DATE
> Task :app:mergeDebugNativeDebugMetadata NO-SOURCE
> Task :app:checkKotlinGradlePluginConfigurationErrors
> Task :app:checkDebugAarMetadata UP-TO-DATE
> Task :app:generateDebugResValues UP-TO-DATE
> Task :app:mapDebugSourceSetPaths
> Task :app:generateDebugResources UP-TO-DATE
> Task :app:packageDebugResources
> Task :app:parseDebugLocalResources
> Task :app:createDebugCompatibleScreenManifests UP-TO-DATE
> Task :app:extractDeepLinksDebug UP-TO-DATE
> Task :app:mergeDebugResources
> Task :app:processDebugMainManifest UP-TO-DATE
> Task :app:processDebugManifest UP-TO-DATE
> Task :app:processDebugManifestForPackage UP-TO-DATE
> Task :app:javaPreCompileDebug UP-TO-DATE
> Task :app:mergeDebugShaders UP-TO-DATE
> Task :app:compileDebugShaders NO-SOURCE
> Task :app:generateDebugAssets UP-TO-DATE
> Task :app:mergeDebugAssets UP-TO-DATE
> Task :app:compressDebugAssets UP-TO-DATE
> Task :app:checkDebugDuplicateClasses UP-TO-DATE
> Task :app:processDebugResources
> Task :app:desugarDebugFileDependencies
> Task :app:compileDebugKotlin
> Task :app:mergeExtDexDebug

> Task :app:compileDebugKotlin
w: file:///home/ubuntu/.openclaw/workspace/drummachi/DrumMachine/app/src/main/java/com/drummachi/MainActivity.kt:145:54 'scaledDensity: Float' is deprecated. Deprecated in Java

> Task :app:compileDebugJavaWithJavac NO-SOURCE
> Task :app:processDebugJavaRes UP-TO-DATE
> Task :app:mergeDebugJavaResource
> Task :app:mergeLibDexDebug UP-TO-DATE
> Task :app:dexBuilderDebug
> Task :app:mergeProjectDexDebug
> Task :app:mergeDebugJniLibFolders UP-TO-DATE
> Task :app:mergeDebugNativeLibs NO-SOURCE
> Task :app:stripDebugDebugSymbols NO-SOURCE
> Task :app:validateSigningDebug UP-TO-DATE
> Task :app:writeDebugAppMetadata UP-TO-DATE
> Task :app:writeDebugSigningConfigVersions UP-TO-DATE
> Task :app:packageDebug
> Task :app:createDebugApkListingFileRedirect UP-TO-DATE
> Task :app:assembleDebug

BUILD SUCCESSFUL in 41m 49s
32 actionable tasks: 13 executed, 19 up-to-date
